<!doctype html>
<html lang="en">
  <head>
    <meta charset="utf-8">
    <meta name="viewport" content="width=device-width, initial-scale=1, shrink-to-fit=no">
    <link rel="stylesheet" href="../../../../../../../../static/css/lato.css">
    <link rel="stylesheet" href="../../../../../../../../static/css/bootstrap-superhero.min.css">
    <link rel="stylesheet" href="../../../../../../../../static/css/archive.css">
    <title>r/deuxrama: as expected</title>
  </head>
  <body>
    <header>
      <nav class="navbar navbar-expand-sm navbar-dark bg-primary">
        <a class="navbar-brand" href="../../../../../../../../deuxrama/index.html">r/deuxrama</a>
        <button class="navbar-toggler" type="button" data-toggle="collapse" data-target="#navbarNav" aria-controls="navbarNav" aria-expanded="false" aria-label="Toggle navigation">
          <span class="navbar-toggler-icon"></span>
        </button>
        <div class="collapse navbar-collapse" id="navbarNav">
          <ul class="navbar-nav">
            <li class="nav-item">
              <a class="nav-link" href="../../../../../../../../deuxrama/index.html">score</a>
            </li>
            <li class="nav-item">
              <a class="nav-link" href="../../../../../../../../deuxrama/index-comments/index.html">comments</a>
            </li>
            <li class="nav-item">
              <a class="nav-link" href="../../../../../../../../deuxrama/index-date/index.html">date</a>
            </li>
            <li class="nav-item ###URL_SEARCH_CSS###">
              <a class="nav-link" href="../../../../../../../../deuxrama/search.html">search</a>
            </li>
            <li class="nav-item dropdown">
              <a class="nav-link dropdown-toggle" href="#" id="navbarDropdown" role="button" data-toggle="dropdown" aria-haspopup="true" aria-expanded="false">subreddits</a>
              <div class="dropdown-menu" aria-labelledby="navbarDropdown">
                <a class="dropdown-item" href="../../../../../../../../index.html">All</a>
                <a class="dropdown-item" href="../../../../../../../../deuxrama/index.html">deuxrama</a>
              </div>
            </li>
          </ul>
        </div>
      </nav>
    </header>
    <main role="main" class="container-fluid">
      <div class="submission pt-3" data-id="g2jsg4">
        <h3 class="title"><a href="https://i.redd.it/663dsigqw7t41.jpg">as expected</a></h3>
        <p><span class="badge badge-primary">216</span>&nbsp;&nbsp;2020-04-16 by <a class="author" href="../../../../../../../../user/maoaomao.html">maoaomao</a></p>
        
      </div>
      <div class="comments">
        <h5>38 comments</h5>
        <div class="comment mb-3 ml-0 stickied" data-depth="0" data-id="fnlt9ys">
    <p class="byline text-muted mb-0"><a href="javascript:;" class="score"><span class="badge badge-secondary">1</span></a>&nbsp;&nbsp;<a class="author" href="../../../../../../../../user/AutoModerator.html">AutoModerator</a> 2020-04-16</p>
    <div class="md"><p>What if you... clicked my link to <a href="https://s.reddit.com/channel/1557514_fe36cb61c0eca903877eafd1778bf0dee8a5ad5b">DeuxCHAT</a>...
Haha just kidding...</p>

<p>Unless...?</p>

<p><em>I am a bot, and this action was performed automatically. Please <a href="/message/compose/?to=/r/DeuxRAMA">contact the moderators of this subreddit</a> if you have any questions or concerns.</em></p>
</div>
</div>
<div class="comment mb-3 ml-0" data-depth="0" data-id="fnm09t1">
    <p class="byline text-muted mb-0"><a href="javascript:;" class="score"><span class="badge badge-secondary">26</span></a>&nbsp;&nbsp;<a class="author" href="../../../../../../../../user/weboomin.html">weboomin</a> 2020-04-16</p>
    <div class="md"><p>‚ùå not born as a chad üßî</p>

<p>‚ùå not born as a dog üê∂</p>

<p>‚úîÔ∏è born as an incel ü§ì</p>

<p>‚û∞ finna ‚û∞ rope ‚û∞</p>
</div>
</div>
<div class="comment mb-3 ml-1" data-depth="1" data-id="fnmbptn">
    <p class="byline text-muted mb-0"><a href="javascript:;" class="score"><span class="badge badge-secondary">9</span></a>&nbsp;&nbsp;<a class="author" href="../../../../../../../../user/_-ctrl-_.html">_-ctrl-_</a> 2020-04-16</p>
    <div class="md"><p>Everyone is born as an incel</p>
</div>
</div>
<div class="comment mb-3 ml-2" data-depth="2" data-id="fnmgdlu">
    <p class="byline text-muted mb-0"><a href="javascript:;" class="score"><span class="badge badge-secondary">33</span></a>&nbsp;&nbsp;<a class="author" href="../../../../../../../../user/thiccboi777.html">thiccboi777</a> 2020-04-16</p>
    <div class="md"><p>Over for borncels</p>
</div>
</div>
<div class="comment mb-3 ml-2" data-depth="2" data-id="fnn9628">
    <p class="byline text-muted mb-0"><a href="javascript:;" class="score"><span class="badge badge-secondary">3</span></a>&nbsp;&nbsp;<a class="author" href="../../../../../../../../user/employee10038080.html">employee10038080</a> 2020-04-16</p>
    <div class="md"><p>I wasn&#39;t you fucking nerd</p>
</div>
</div>
<div class="comment mb-3 ml-3" data-depth="3" data-id="fnnazn5">
    <p class="byline text-muted mb-0"><a href="javascript:;" class="score"><span class="badge badge-secondary">4</span></a>&nbsp;&nbsp;<a class="author" href="../../../../../../../../user/_-ctrl-_.html">_-ctrl-_</a> 2020-04-16</p>
    <div class="md"><p>Seethe</p>
</div>
</div>
<div class="comment mb-3 ml-4" data-depth="4" data-id="fnnb82m">
    <p class="byline text-muted mb-0"><a href="javascript:;" class="score"><span class="badge badge-secondary">3</span></a>&nbsp;&nbsp;<a class="author" href="../../../../../../../../user/employee10038080.html">employee10038080</a> 2020-04-16</p>
    <div class="md"><p>Have sex incel</p>
</div>
</div>
<div class="comment mb-3 ml-5" data-depth="5" data-id="fnnd380">
    <p class="byline text-muted mb-0"><a href="javascript:;" class="score"><span class="badge badge-secondary">4</span></a>&nbsp;&nbsp;<a class="author" href="../../../../../../../../user/_-ctrl-_.html">_-ctrl-_</a> 2020-04-16</p>
    <div class="md"><p>Repent</p>
</div>
</div>
<div class="comment mb-3 ml-2" data-depth="2" data-id="fno1eas">
    <p class="byline text-muted mb-0"><a href="javascript:;" class="score"><span class="badge badge-secondary">1</span></a>&nbsp;&nbsp;<a class="author" href="../../../../../../../../user/1262663748488484.html">1262663748488484</a> 2020-04-16</p>
    <div class="md"><p>C-section niggas are trucels</p>
</div>
</div>
<div class="comment mb-3 ml-0" data-depth="0" data-id="fnmftwz">
    <p class="byline text-muted mb-0"><a href="javascript:;" class="score"><span class="badge badge-secondary">22</span></a>&nbsp;&nbsp;<a class="author" href="../../../../../../../../user/doctormilkman.html">doctormilkman</a> 2020-04-16</p>
    <div class="md"><p>Take the Dog Pill üíä</p>
</div>
</div>
<div class="comment mb-3 ml-1" data-depth="1" data-id="fnmftyd">
    <p class="byline text-muted mb-0"><a href="javascript:;" class="score"><span class="badge badge-secondary">6</span></a>&nbsp;&nbsp;<a class="author" href="../../../../../../../../user/AutoModerator.html">AutoModerator</a> 2020-04-16</p>
    <div class="md"><p>lmao</p>

<p><em>I am a bot, and this action was performed automatically. Please <a href="/message/compose/?to=/r/DeuxRAMA">contact the moderators of this subreddit</a> if you have any questions or concerns.</em></p>
</div>
</div>
<div class="comment mb-3 ml-2" data-depth="2" data-id="fnoba42">
    <p class="byline text-muted mb-0"><a href="javascript:;" class="score"><span class="badge badge-secondary">1</span></a>&nbsp;&nbsp;<a class="author" href="../../../../../../../../user/Doivid_Magnum.html">Doivid_Magnum</a> 2020-04-16</p>
    <div class="md"><p>it&#39;s not a joke</p>

<p>stop laughing</p>
</div>
</div>
<div class="comment mb-3 ml-0" data-depth="0" data-id="fnmlghz">
    <p class="byline text-muted mb-0"><a href="javascript:;" class="score"><span class="badge badge-secondary">21</span></a>&nbsp;&nbsp;<a class="author" href="../../../../../../../../user/Schr1mpy.html">Schr1mpy</a> 2020-04-16</p>
    <div class="md"><p>Why would you Reddit award a post about a girl shaggin a dog?</p>
</div>
</div>
<div class="comment mb-3 ml-1" data-depth="1" data-id="fnnxk8e">
    <p class="byline text-muted mb-0"><a href="javascript:;" class="score"><span class="badge badge-secondary">3</span></a>&nbsp;&nbsp;<a class="author" href="../../../../../../../../user/xxdddhhv.html">xxdddhhv</a> 2020-04-16</p>
    <div class="md"><p>because wholesome doggo 100 ü•∞</p>
</div>
</div>
<div class="comment mb-3 ml-1" data-depth="1" data-id="fnq1714">
    <p class="byline text-muted mb-0"><a href="javascript:;" class="score"><span class="badge badge-secondary">1</span></a>&nbsp;&nbsp;<a class="author" href="../../../../../../../../user/jamthewither.html">jamthewither</a> 2020-04-16</p>
    <div class="md"><p>chonker</p>
</div>
</div>
<div class="comment mb-3 ml-0" data-depth="0" data-id="fnlz9jc">
    <p class="byline text-muted mb-0"><a href="javascript:;" class="score"><span class="badge badge-secondary">17</span></a>&nbsp;&nbsp;<a class="author" href="../../../../../../../../user/QuadNarca.html">QuadNarca</a> 2020-04-16</p>
    <div class="md"><p>God, spare me from the white woman.</p>
</div>
</div>
<div class="comment mb-3 ml-1" data-depth="1" data-id="fnmguzj">
    <p class="byline text-muted mb-0"><a href="javascript:;" class="score"><span class="badge badge-secondary">11</span></a>&nbsp;&nbsp;<a class="author" href="../../../../../../../../user/Roope_Rankka2.html">Roope_Rankka2</a> 2020-04-16</p>
    <div class="md"><p>May Allah release his full wrath and glory upon wh<em>te w</em>men and cleanse this earth of their red wine driven psychosis</p>
</div>
</div>
<div class="comment mb-3 ml-0" data-depth="0" data-id="fnmmau0">
    <p class="byline text-muted mb-0"><a href="javascript:;" class="score"><span class="badge badge-secondary">13</span></a>&nbsp;&nbsp;<a class="author" href="../../../../../../../../user/OBESETROGLODITE.html">OBESETROGLODITE</a> 2020-04-16</p>
    <div class="md"><p>White women fuck dogs. Take the pill üê∂ üíä</p>
</div>
</div>
<div class="comment mb-3 ml-0" data-depth="0" data-id="fnmrn9e">
    <p class="byline text-muted mb-0"><a href="javascript:;" class="score"><span class="badge badge-secondary">12</span></a>&nbsp;&nbsp;<a class="author" href="../../../../../../../../user/Paul_Blart_Mall_Fart.html">Paul_Blart_Mall_Fart</a> 2020-04-16</p>
    <div class="md"><p>Damn some of the stories on there... if you have a daughter do not keep a dog in the house, not that you should anyway because the prophet forbids it</p>
</div>
</div>
<div class="comment mb-3 ml-0" data-depth="0" data-id="fnmu4tl">
    <p class="byline text-muted mb-0"><a href="javascript:;" class="score"><span class="badge badge-secondary">11</span></a>&nbsp;&nbsp;<a class="author" href="../../../../../../../../user/pootalsrevenge.html">pootalsrevenge</a> 2020-04-16</p>
    <div class="md"><p>WHITEüëèGIRLSüëèFUCKüëèDOGSüëè</p>
</div>
</div>
<div class="comment mb-3 ml-1" data-depth="1" data-id="fnn9m4l">
    <p class="byline text-muted mb-0"><a href="javascript:;" class="score"><span class="badge badge-secondary">3</span></a>&nbsp;&nbsp;<a class="author" href="../../../../../../../../user/Papastump90.html">Papastump90</a> 2020-04-16</p>
    <div class="md"><p>FAX</p>
</div>
</div>
<div class="comment mb-3 ml-1" data-depth="1" data-id="fnsdeir">
    <p class="byline text-muted mb-0"><a href="javascript:;" class="score"><span class="badge badge-secondary">1</span></a>&nbsp;&nbsp;<a class="author" href="../../../../../../../../user/mothbrainz.html">mothbrainz</a> 2020-04-16</p>
    <div class="md"><p>Das RITE</p>
</div>
</div>
<div class="comment mb-3 ml-0" data-depth="0" data-id="fnmwzmz">
    <p class="byline text-muted mb-0"><a href="javascript:;" class="score"><span class="badge badge-secondary">8</span></a>&nbsp;&nbsp;<a class="author" href="../../../../../../../../user/Graderthan.html">Graderthan</a> 2020-04-16</p>
    <div class="md"><p>Absolutely insane that the dog pill is real LMAO</p>
</div>
</div>
<div class="comment mb-3 ml-1" data-depth="1" data-id="fnobmg1">
    <p class="byline text-muted mb-0"><a href="javascript:;" class="score"><span class="badge badge-secondary">1</span></a>&nbsp;&nbsp;<a class="author" href="../../../../../../../../user/Doivid_Magnum.html">Doivid_Magnum</a> 2020-04-16</p>
    <div class="md"><p>memes imitate life</p>

<p>the first dogpilled knew about the white woman&#39;s curse long before he completed his works</p>
</div>
</div>
<div class="comment mb-3 ml-0" data-depth="0" data-id="fnmy3p8">
    <p class="byline text-muted mb-0"><a href="javascript:;" class="score"><span class="badge badge-secondary">8</span></a>&nbsp;&nbsp;<a class="author" href="../../../../../../../../user/AllisonGator.html">AllisonGator</a> 2020-04-16</p>
    <div class="md"><p>It&#39;s really fucked up that fucking a dog is illegal in every state but wyoming, new mexico, west verginia, and DC, even for women.</p>
</div>
</div>
<div class="comment mb-3 ml-1" data-depth="1" data-id="fnn9p0b">
    <p class="byline text-muted mb-0"><a href="javascript:;" class="score"><span class="badge badge-secondary">2</span></a>&nbsp;&nbsp;<a class="author" href="../../../../../../../../user/Papastump90.html">Papastump90</a> 2020-04-16</p>
    <div class="md"><p>Sick the feminists on it, it will change in a minute</p>
</div>
</div>
<div class="comment mb-3 ml-0" data-depth="0" data-id="fnmd5c9">
    <p class="byline text-muted mb-0"><a href="javascript:;" class="score"><span class="badge badge-secondary">7</span></a>&nbsp;&nbsp;<a class="author" href="../../../../../../../../user/JohnDickCockerfeller.html">JohnDickCockerfeller</a> 2020-04-16</p>
    <div class="md"><p>It is known.</p>
</div>
</div>
<div class="comment mb-3 ml-0" data-depth="0" data-id="fnmaz3w">
    <p class="byline text-muted mb-0"><a href="javascript:;" class="score"><span class="badge badge-secondary">6</span></a>&nbsp;&nbsp;<a class="author" href="../../../../../../../../user/massive_fckwit.html">massive_fckwit</a> 2020-04-16</p>
    <div class="md"><p><a href="https://www.youtube.com/watch?v=VMTFkHCxeqQ">theme music for this thread, brothers</a></p>

<p>inshallah</p>
</div>
</div>
<div class="comment mb-3 ml-1" data-depth="1" data-id="fnnvgwo">
    <p class="byline text-muted mb-0"><a href="javascript:;" class="score"><span class="badge badge-secondary">3</span></a>&nbsp;&nbsp;<a class="author" href="../../../../../../../../user/UnalignedRando.html">UnalignedRando</a> 2020-04-16</p>
    <div class="md"><p>Capturing 12yo Yazidi wives is the only way to (almost) make sure to marry a foid that never a fucked a dog.</p>
</div>
</div>
<div class="comment mb-3 ml-0" data-depth="0" data-id="fnmt6ke">
    <p class="byline text-muted mb-0"><a href="javascript:;" class="score"><span class="badge badge-secondary">6</span></a>&nbsp;&nbsp;<a class="author" href="../../../../../../../../user/FetusFlush.html">FetusFlush</a> 2020-04-16</p>
    <div class="md"><p>OLD MUDDA HUBBUHD</p>

<p>WENT TO DA CUBBUHD</p>

<p>TO GET HER OLD DOG A BONE</p>

<p>SHE BENT OVA</p>

<p>ROVA TOOK OVA</p>

<p>OHH!</p>
</div>
</div>
<div class="comment mb-3 ml-0" data-depth="0" data-id="fnmq4ag">
    <p class="byline text-muted mb-0"><a href="javascript:;" class="score"><span class="badge badge-secondary">5</span></a>&nbsp;&nbsp;<a class="author" href="../../../../../../../../user/Velsoxof_25.html">Velsoxof_25</a> 2020-04-16</p>
    <div class="md"><p>Weird ass timeline</p>
</div>
</div>
<div class="comment mb-3 ml-0" data-depth="0" data-id="fnlu5ym">
    <p class="byline text-muted mb-0"><a href="javascript:;" class="score"><span class="badge badge-secondary">2</span></a>&nbsp;&nbsp;<a class="author" href="../../../../../../../../user/SnapshillBot.html">SnapshillBot</a> 2020-04-16</p>
    <div class="md"><p>&quot;Looks like it&#39;s going to be another night on the Snorlax for me, wife brought home another man and isn&#39;t letting me watch this time.&quot;</p>

<p>I mean just looking at this effeminate guy in that curled up position, and then seeing his punk/butch ass wife, I already feel like I know everything I need to know about their &quot;open marriage&quot;. I feel like I can be almost certain that he&#39;d be perfectly happy in a monogamous relationship, and she&#39;s just a whore that&#39;s been railed so many times her brain is incapable of monogamy. He just listens to everything she says, and she can convince him of things even she doesn&#39;t believe because she&#39;s either more intelligent or better spoken.</p>

<p>Snapshots:</p>

<ol>
<li>as expected - <a href="https://web.archive.org/20200416175620/https://i.redd.it/663dsigqw7t41.jpg">archive.org</a>, <a href="https://archive.today/loadin">archive.today</a></li>
</ol>

<p><em>I am just a simple bot, *</em>not** a moderator of this subreddit* | <a href="/r/SnapshillBot"><em>bot subreddit</em></a> | <a href="/message/compose?to=/r/SnapshillBot"><em>contact the maintainers</em></a></p>
</div>
</div>
<div class="comment mb-3 ml-0" data-depth="0" data-id="fnn4wje">
    <p class="byline text-muted mb-0"><a href="javascript:;" class="score"><span class="badge badge-secondary">1</span></a>&nbsp;&nbsp;<a class="author" href="../../../../../../../../user/Deadmarine1980.html">Deadmarine1980</a> 2020-04-16</p>
    <div class="md"><p>So....does this post just wanna push incels to kill themselves even more? Or does this just prove that Femcels are real?</p>
</div>
</div>
<div class="comment mb-3 ml-1" data-depth="1" data-id="fnobybs">
    <p class="byline text-muted mb-0"><a href="javascript:;" class="score"><span class="badge badge-secondary">1</span></a>&nbsp;&nbsp;<a class="author" href="../../../../../../../../user/Doivid_Magnum.html">Doivid_Magnum</a> 2020-04-16</p>
    <div class="md"><p>no it means that white foids are excluded from the &quot;whites are superior&quot; rule that the mdefugee rightoids (like me) made up for you guys. it intends on making sure deuxchads only fuck bussy or get a trad catholic latina/honourary asian wife so you can say the legendary &quot;My wife? She&#39;s Asian&quot; and piss off aznidentity omega males</p>

<p>the fact that also leftoid deuxchads have embraced this is amazing. we will unite deuxrama under one pill: the dogpill.</p>
</div>
</div>
<div class="comment mb-3 ml-2" data-depth="2" data-id="fnodpth">
    <p class="byline text-muted mb-0"><a href="javascript:;" class="score"><span class="badge badge-secondary">1</span></a>&nbsp;&nbsp;<a class="author" href="../../../../../../../../user/Deadmarine1980.html">Deadmarine1980</a> 2020-04-16</p>
    <div class="md"><blockquote>
<p>asian wife</p>
</blockquote>

<p>I guess you&#39;re fine with catching Corona.</p>
</div>
</div>
<div class="comment mb-3 ml-3" data-depth="3" data-id="fnq2ltg">
    <p class="byline text-muted mb-0"><a href="javascript:;" class="score"><span class="badge badge-secondary">2</span></a>&nbsp;&nbsp;<a class="author" href="../../../../../../../../user/Doivid_Magnum.html">Doivid_Magnum</a> 2020-04-16</p>
    <div class="md"><p>i use comdom</p>

<p>bottom text</p>
</div>
</div>
<div class="comment mb-3 ml-0" data-depth="0" data-id="fnngj11">
    <p class="byline text-muted mb-0"><a href="javascript:;" class="score"><span class="badge badge-secondary">1</span></a>&nbsp;&nbsp;<a class="author" href="../../../../../../../../user/dirksmith1984.html">dirksmith1984</a> 2020-04-16</p>
    <div class="md"><p>Is that why so many people are &quot;dog lovers?&quot; wtf</p>
</div>
</div>
<div class="comment mb-3 ml-1" data-depth="1" data-id="fnmbptn">
    <p class="byline text-muted mb-0"><a href="javascript:;" class="score"><span class="badge badge-secondary">9</span></a>&nbsp;&nbsp;<a class="author" href="../../../../../../../../user/_-ctrl-_.html">_-ctrl-_</a> 2020-04-16</p>
    <div class="md"><p>Everyone is born as an incel</p>
</div>
</div>

      </div>
    </main>
    <footer class="container-fluid">
      <a class="to-top mt-1 mb-1 btn btn-lg btn-primary" href="#top">top of page</a>
      <p class="small mb-0">data archived 2020-04-17. <a href="https://github.com/libertysoft3/reddit-html-archiver">source code</a>.</p>
    </footer>
    <script src="../../../../../../../../static/js/jquery-3.3.1.slim.min.js"></script>
    <script src="../../../../../../../../static/js/bootstrap.min.js"></script>
    <script src="../../../../../../../../static/js/archive-comments.js"></script>
  </body>
</html>